[backblue.gif]
[fade.gif]
[index.html]
[cdainterview.com/resources/cda-interview-guide.jpg]
[cdainterview.com/rw_common/themes/Endeavor/javascript.js]
[cdainterview.com/rw_common/themes/Endeavor/scripts/jquery-1.7.1.min.js]
[cdainterview.com/rw_common/themes/Endeavor/scripts/function.js]
[cdainterview.com/rw_common/themes/Endeavor/scripts/jquery.fitvids.js]
[cdainterview.com/rw_common/themes/Endeavor/scripts/jquery.flexslider.js]
[cdainterview.com/index_files/stacks_page_page0.js]
[www.google-analytics.com/analytics.js]
[connect.facebook.net/en_US/fbds.js]
[cdainterview.com/rw_common/images/bemo-logo2.png]
[www.googleadservices.com/pagead/f.txt]
[cdainterview.com/index.html]
[cdainterview.com/rw_common/themes/Endeavor/fonts/socialico-webfont.eot]
[cdainterview.com/rw_common/themes/Endeavor/fonts/socialico-webfont.woff]
[cdainterview.com/rw_common/themes/Endeavor/fonts/socialico-webfontd41d.eot]
[cdainterview.com/rw_common/themes/Endeavor/fonts/socialico-webfont.ttf]
[cdainterview.com/rw_common/themes/Endeavor/fonts/socialico_plus-webfont.eot]
[cdainterview.com/rw_common/themes/Endeavor/fonts/socialico_plus-webfont.woff]
[cdainterview.com/rw_common/themes/Endeavor/fonts/socialico_plus-webfont.ttf]
[cdainterview.com/rw_common/themes/Endeavor/fonts/socialico_plus-webfontd41d.eot]
[cdainterview.com/rw_common/themes/Endeavor/fonts/theanodidot-regular-webfont.eot]
[cdainterview.com/rw_common/themes/Endeavor/fonts/theanodidot-regular-webfontd41d.eot]
[cdainterview.com/rw_common/themes/Endeavor/fonts/theanodidot-regular-webfont.woff]
[cdainterview.com/rw_common/themes/Endeavor/fonts/theanodidot-regular-webfont.ttf]
[cdainterview.com/rw_common/themes/Endeavor/fonts/librebaskerville-regular-webfont.eot]
[cdainterview.com/rw_common/themes/Endeavor/fonts/librebaskerville-regular-webfont.woff]
[cdainterview.com/rw_common/themes/Endeavor/fonts/librebaskerville-regular-webfontd41d.eot]
[cdainterview.com/rw_common/themes/Endeavor/fonts/librebaskerville-regular-webfont.ttf]
[cdainterview.com/rw_common/themes/Endeavor/fonts/Sansumi-Bold-webfont.eot]
[cdainterview.com/rw_common/themes/Endeavor/fonts/Sansumi-Bold-webfont.woff]
[cdainterview.com/rw_common/themes/Endeavor/fonts/Sansumi-Bold-webfontd41d.eot]
[cdainterview.com/rw_common/themes/Endeavor/fonts/Sansumi-Bold-webfont.ttf]
[cdainterview.com/rw_common/themes/Endeavor/fonts/BEBAS___-webfont.eot]
[cdainterview.com/rw_common/themes/Endeavor/fonts/BEBAS___-webfont.woff]
[cdainterview.com/rw_common/themes/Endeavor/fonts/BEBAS___-webfontd41d.eot]
[cdainterview.com/rw_common/themes/Endeavor/fonts/BEBAS___-webfont.ttf]
[cdainterview.com/rw_common/themes/Endeavor/images/endbanner.jpg]
[cdainterview.com/rw_common/themes/Endeavor/images/up1.png]
[cdainterview.com/rw_common/themes/Endeavor/images/rss-icon.png]
[cdainterview.com/rw_common/themes/Endeavor/images/p1.png]
[cdainterview.com/rw_common/themes/Endeavor/styles.css]
[cdainterview.com/rw_common/themes/Endeavor/colourtag-page0.css]
[cdainterview.com/rw_common/themes/Endeavor/flexslider.css]
[cdainterview.com/rw_common/themes/Endeavor/css/contentcenter.css]
[cdainterview.com/rw_common/themes/Endeavor/css/ec9on.css]
[cdainterview.com/rw_common/themes/Endeavor/css/rimage.css]
[cdainterview.com/rw_common/themes/Endeavor/css/ssoff.css]
[cdainterview.com/rw_common/themes/Endeavor/css/sslide.css]
[cdainterview.com/rw_common/themes/Endeavor/css/sidenone.css]
[cdainterview.com/rw_common/themes/Endeavor/css/olight90.css]
[cdainterview.com/rw_common/themes/Endeavor/css/fontarial.css]
[cdainterview.com/rw_common/themes/Endeavor/css/title26.css]
[cdainterview.com/rw_common/themes/Endeavor/css/fontarialspan.css]
[cdainterview.com/rw_common/themes/Endeavor/css/bts46.css]
[cdainterview.com/rw_common/themes/Endeavor/css/bt60.css]
[cdainterview.com/rw_common/themes/Endeavor/css/fontarialnav.css]
[cdainterview.com/rw_common/themes/Endeavor/css/nav17.css]
[cdainterview.com/rw_common/themes/Endeavor/css/fontarialside.css]
[cdainterview.com/rw_common/themes/Endeavor/css/fontarialheader.css]
[cdainterview.com/rw_common/themes/Endeavor/css/fontarialcontent.css]
[cdainterview.com/rw_common/themes/Endeavor/css/font13.css]
[cdainterview.com/rw_common/plugins/stacks/stacks.css]
[cdainterview.com/index_files/stacks_page_page0.css]
[connect.facebook.net/en_US/fbds.js]
[cdainterview.com/index-2.html]
[cdainterview.com/resources/how-to-prepare-for-cda-interview.jpg]
[cdainterview.com/how-to-prepare-for-cda-interview_files/stacks_page_page1.js]
[cdainterview.com/how-to-prepare-for-cda-interview.html]
[cdainterview.com/resources/sample-cda-interview-questions.jpg]
[cdainterview.com/sample-cda-interview-questions_files/stacks_page_page2.js]
[cdainterview.com/sample-cda-interview-questions.html]
[cdainterview.com/resources/contact-us.png]
[cdainterview.com/contact-us.html]
[cdainterview.com/g.html]
[cdainterview.com/rw_common/themes/Endeavor/fonts/socialico-webfont.svg]
[cdainterview.com/rw_common/themes/Endeavor/fonts/socialico_plus-webfont.svg]
[cdainterview.com/rw_common/themes/Endeavor/fonts/theanodidot-regular-webfont.svg]
[cdainterview.com/rw_common/themes/Endeavor/fonts/librebaskerville-regular-webfont.svg]
[cdainterview.com/rw_common/themes/Endeavor/fonts/Sansumi-Bold-webfont.svg]
[cdainterview.com/rw_common/themes/Endeavor/fonts/BEBAS___-webfont.svg]
[cdainterview.com/rw_common/themes/Endeavor/colourtag-mastertemplate4.css]
[cdainterview.com/how-to-prepare-for-cda-interview_files/stacks_page_page1.css]
[cdainterview.com/sample-cda-interview-questions_files/stacks_page_page2.css]
[cdainterview.com/rw_common/themes/Endeavor/colourtag-page3.css]
[cdainterview.com/rw_common/themes/Endeavor/css/btoff.css]
